<testsuites id="" name="" tests="3" failures="1" skipped="0" errors="0" time="18.35866200000048">
<testsuite name="todo.spec.js" timestamp="1661943013769" hostname="" tests="3" failures="1" skipped="0" time="16.6" errors="0">
<testcase name="add a todo item" classname="[chromium] › todo.spec.js:27:1 › add a todo item" time="12.304">
</testcase>
<testcase name="complete a todo item" classname="[chromium] › todo.spec.js:40:1 › complete a todo item" time="2.298">
<system-out>
<![CDATA[complete final:  [33m1[39m
]]>
</system-out>
</testcase>
<testcase name="clear all todos" classname="[chromium] › todo.spec.js:69:1 › clear all todos" time="1.998">
<failure message="todo.spec.js:69:1 clear all todos" type="FAILURE">
<![CDATA[  [chromium] › todo.spec.js:69:1 › clear all todos =================================================

    Error: expect(received).toBe(expected) // Object.is equality

    Expected: 0
    Received: 1

      83 |
      84 |   console.log("clear final: ", finalCount);
    > 85 |   expect(finalCount).toBe(0);
         |                      ^
      86 | })
      87 |

        at /Users/oz/Desktop/workspace/thundra/nodejs/playwright-todo-app/tests/todo.spec.js:85:22
]]>
</failure>
<system-out>
<![CDATA[clear final:  [33m1[39m
]]>
</system-out>
</testcase>
</testsuite>
</testsuites>